// Jest Snapshot v1, https://goo.gl/fbAQLP

exports[`testing should do stuff 1`] = `
<div
  className="home"
>
  <div
    className="home-header"
  >
    <h1>
      Cinefile
    </h1>
    <ul>
      <li>
        <a
          href="https://github.com/treyles/cinefile"
          target="blank"
        >
          About
        </a>
      </li>
      <li>
        <button
          className="signin-btn"
          onClick={[Function]}
        >
          Sign In
        </button>
      </li>
    </ul>
  </div>
  <div
    className="hero"
  >
    <div
      className="hero-content"
    >
      <h1
        className="title"
      >
        When you see something you want to watch later, put it in Cinefile.
      </h1>
      <p>
        Keep movies, tv shows, and documentaries from slipping off your radar with Cinefile — a minimal bookmarking and discovery app
      </p>
      <button
        className="get-started-btn"
        onClick={[Function]}
      >
        Get Started, It's Free!
      </button>
    </div>
    <div
      className="hero-video-container"
    >
      <div
        className="video-window"
      />
      <div
        className="video-content-container"
      >
        <video
          autoPlay={true}
          className="hero-preview"
          loop={true}
          poster="test-file-stub"
        >
          <source
            src="test-file-stub"
            type="video/mp4"
          />
        </video>
      </div>
    </div>
  </div>
  <div
    className="mobile-section"
  >
    <div
      className="mobile-content-container"
    >
      <img
        src="test-file-stub"
      />
    </div>
    <div
      className="text-block"
    >
      <h1
        className="text-block-header"
      >
        Mobile Friendly
      </h1>
      <p
        className="text-block-one"
      >
        Always ready to save that tv show your friend just told you about.
      </p>
      <h1
        className="text-block-header"
      >
        Minimal Design
      </h1>
      <p>
        When we say minimal, we mean it. Cinefile provides a rating, year, short synopsis, director, lead actor, and trailer. It also links to it’s corresponding IMDB page if that doesn’t satisfy you.
      </p>
    </div>
  </div>
  <div
    className="footer"
  >
    <button
      className="footer-btn"
      onClick={[Function]}
    >
      Get Started!
    </button>
    <h2>
      MADE BY @TREYLES
    </h2>
  </div>
</div>
`;
